Archive member included to satisfy reference by file (symbol)

/opt/st/stm32cubeide_1.6.1/plugins/com.st.stm32cube.ide.mcu.externaltools.gnu-tools-for-stm32.9-2020-q2-update.linux64_1.5.0.202011040924/tools/bin/../lib/gcc/arm-none-eabi/9.3.1/../../../../arm-none-eabi/lib/thumb/v7e-m+fp/hard/libc_nano.a(lib_a-errno.o)
                              Src/syscalls.o (__errno)
/opt/st/stm32cubeide_1.6.1/plugins/com.st.stm32cube.ide.mcu.externaltools.gnu-tools-for-stm32.9-2020-q2-update.linux64_1.5.0.202011040924/tools/bin/../lib/gcc/arm-none-eabi/9.3.1/../../../../arm-none-eabi/lib/thumb/v7e-m+fp/hard/libc_nano.a(lib_a-exit.o)
                              /opt/st/stm32cubeide_1.6.1/plugins/com.st.stm32cube.ide.mcu.externaltools.gnu-tools-for-stm32.9-2020-q2-update.linux64_1.5.0.202011040924/tools/bin/../lib/gcc/arm-none-eabi/9.3.1/../../../../arm-none-eabi/lib/thumb/v7e-m+fp/hard/crt0.o (exit)
/opt/st/stm32cubeide_1.6.1/plugins/com.st.stm32cube.ide.mcu.externaltools.gnu-tools-for-stm32.9-2020-q2-update.linux64_1.5.0.202011040924/tools/bin/../lib/gcc/arm-none-eabi/9.3.1/../../../../arm-none-eabi/lib/thumb/v7e-m+fp/hard/libc_nano.a(lib_a-impure.o)
                              /opt/st/stm32cubeide_1.6.1/plugins/com.st.stm32cube.ide.mcu.externaltools.gnu-tools-for-stm32.9-2020-q2-update.linux64_1.5.0.202011040924/tools/bin/../lib/gcc/arm-none-eabi/9.3.1/../../../../arm-none-eabi/lib/thumb/v7e-m+fp/hard/libc_nano.a(lib_a-exit.o) (_global_impure_ptr)
/opt/st/stm32cubeide_1.6.1/plugins/com.st.stm32cube.ide.mcu.externaltools.gnu-tools-for-stm32.9-2020-q2-update.linux64_1.5.0.202011040924/tools/bin/../lib/gcc/arm-none-eabi/9.3.1/../../../../arm-none-eabi/lib/thumb/v7e-m+fp/hard/libc_nano.a(lib_a-init.o)
                              /opt/st/stm32cubeide_1.6.1/plugins/com.st.stm32cube.ide.mcu.externaltools.gnu-tools-for-stm32.9-2020-q2-update.linux64_1.5.0.202011040924/tools/bin/../lib/gcc/arm-none-eabi/9.3.1/../../../../arm-none-eabi/lib/thumb/v7e-m+fp/hard/crt0.o (__libc_init_array)
/opt/st/stm32cubeide_1.6.1/plugins/com.st.stm32cube.ide.mcu.externaltools.gnu-tools-for-stm32.9-2020-q2-update.linux64_1.5.0.202011040924/tools/bin/../lib/gcc/arm-none-eabi/9.3.1/../../../../arm-none-eabi/lib/thumb/v7e-m+fp/hard/libc_nano.a(lib_a-memset.o)
                              /opt/st/stm32cubeide_1.6.1/plugins/com.st.stm32cube.ide.mcu.externaltools.gnu-tools-for-stm32.9-2020-q2-update.linux64_1.5.0.202011040924/tools/bin/../lib/gcc/arm-none-eabi/9.3.1/../../../../arm-none-eabi/lib/thumb/v7e-m+fp/hard/crt0.o (memset)
/opt/st/stm32cubeide_1.6.1/plugins/com.st.stm32cube.ide.mcu.externaltools.gnu-tools-for-stm32.9-2020-q2-update.linux64_1.5.0.202011040924/tools/bin/../lib/gcc/arm-none-eabi/9.3.1/../../../../arm-none-eabi/lib/thumb/v7e-m+fp/hard/libc_nano.a(lib_a-strlen.o)
                              Src/spi_tx_testing.o (strlen)

Discarded input sections

 .text          0x0000000000000000        0x0 /opt/st/stm32cubeide_1.6.1/plugins/com.st.stm32cube.ide.mcu.externaltools.gnu-tools-for-stm32.9-2020-q2-update.linux64_1.5.0.202011040924/tools/bin/../lib/gcc/arm-none-eabi/9.3.1/thumb/v7e-m+fp/hard/crti.o
 .data          0x0000000000000000        0x0 /opt/st/stm32cubeide_1.6.1/plugins/com.st.stm32cube.ide.mcu.externaltools.gnu-tools-for-stm32.9-2020-q2-update.linux64_1.5.0.202011040924/tools/bin/../lib/gcc/arm-none-eabi/9.3.1/thumb/v7e-m+fp/hard/crti.o
 .bss           0x0000000000000000        0x0 /opt/st/stm32cubeide_1.6.1/plugins/com.st.stm32cube.ide.mcu.externaltools.gnu-tools-for-stm32.9-2020-q2-update.linux64_1.5.0.202011040924/tools/bin/../lib/gcc/arm-none-eabi/9.3.1/thumb/v7e-m+fp/hard/crti.o
 .data          0x0000000000000000        0x4 /opt/st/stm32cubeide_1.6.1/plugins/com.st.stm32cube.ide.mcu.externaltools.gnu-tools-for-stm32.9-2020-q2-update.linux64_1.5.0.202011040924/tools/bin/../lib/gcc/arm-none-eabi/9.3.1/thumb/v7e-m+fp/hard/crtbegin.o
 .text          0x0000000000000000       0x7c /opt/st/stm32cubeide_1.6.1/plugins/com.st.stm32cube.ide.mcu.externaltools.gnu-tools-for-stm32.9-2020-q2-update.linux64_1.5.0.202011040924/tools/bin/../lib/gcc/arm-none-eabi/9.3.1/../../../../arm-none-eabi/lib/thumb/v7e-m+fp/hard/crt0.o
 .data          0x0000000000000000        0x0 /opt/st/stm32cubeide_1.6.1/plugins/com.st.stm32cube.ide.mcu.externaltools.gnu-tools-for-stm32.9-2020-q2-update.linux64_1.5.0.202011040924/tools/bin/../lib/gcc/arm-none-eabi/9.3.1/../../../../arm-none-eabi/lib/thumb/v7e-m+fp/hard/crt0.o
 .bss           0x0000000000000000        0x0 /opt/st/stm32cubeide_1.6.1/plugins/com.st.stm32cube.ide.mcu.externaltools.gnu-tools-for-stm32.9-2020-q2-update.linux64_1.5.0.202011040924/tools/bin/../lib/gcc/arm-none-eabi/9.3.1/../../../../arm-none-eabi/lib/thumb/v7e-m+fp/hard/crt0.o
 .ARM.extab     0x0000000000000000        0x0 /opt/st/stm32cubeide_1.6.1/plugins/com.st.stm32cube.ide.mcu.externaltools.gnu-tools-for-stm32.9-2020-q2-update.linux64_1.5.0.202011040924/tools/bin/../lib/gcc/arm-none-eabi/9.3.1/../../../../arm-none-eabi/lib/thumb/v7e-m+fp/hard/crt0.o
 .ARM.exidx     0x0000000000000000       0x10 /opt/st/stm32cubeide_1.6.1/plugins/com.st.stm32cube.ide.mcu.externaltools.gnu-tools-for-stm32.9-2020-q2-update.linux64_1.5.0.202011040924/tools/bin/../lib/gcc/arm-none-eabi/9.3.1/../../../../arm-none-eabi/lib/thumb/v7e-m+fp/hard/crt0.o
 .ARM.attributes
                0x0000000000000000       0x1c /opt/st/stm32cubeide_1.6.1/plugins/com.st.stm32cube.ide.mcu.externaltools.gnu-tools-for-stm32.9-2020-q2-update.linux64_1.5.0.202011040924/tools/bin/../lib/gcc/arm-none-eabi/9.3.1/../../../../arm-none-eabi/lib/thumb/v7e-m+fp/hard/crt0.o
 .group         0x0000000000000000        0xc Src/led_button.o
 .group         0x0000000000000000        0xc Src/led_button.o
 .group         0x0000000000000000        0xc Src/led_button.o
 .group         0x0000000000000000        0xc Src/led_button.o
 .group         0x0000000000000000        0xc Src/led_button.o
 .group         0x0000000000000000        0xc Src/led_button.o
 .group         0x0000000000000000        0xc Src/led_button.o
 .group         0x0000000000000000        0xc Src/led_button.o
 .group         0x0000000000000000        0xc Src/led_button.o
 .group         0x0000000000000000        0xc Src/led_button.o
 .text          0x0000000000000000        0x0 Src/led_button.o
 .data          0x0000000000000000        0x0 Src/led_button.o
 .bss           0x0000000000000000        0x0 Src/led_button.o
 .text.delay    0x0000000000000000       0x2c Src/led_button.o
 .debug_info    0x0000000000000000       0xb9 Src/led_button.o
 .debug_abbrev  0x0000000000000000       0x70 Src/led_button.o
 .debug_aranges
                0x0000000000000000       0x20 Src/led_button.o
 .debug_ranges  0x0000000000000000       0x10 Src/led_button.o
 .debug_macro   0x0000000000000000       0x98 Src/led_button.o
 .debug_macro   0x0000000000000000      0xab4 Src/led_button.o
 .debug_macro   0x0000000000000000      0x174 Src/led_button.o
 .debug_macro   0x0000000000000000       0x22 Src/led_button.o
 .debug_macro   0x0000000000000000       0x8e Src/led_button.o
 .debug_macro   0x0000000000000000       0x51 Src/led_button.o
 .debug_macro   0x0000000000000000      0x103 Src/led_button.o
 .debug_macro   0x0000000000000000       0x6a Src/led_button.o
 .debug_macro   0x0000000000000000      0x1df Src/led_button.o
 .debug_macro   0x0000000000000000      0x3f5 Src/led_button.o
 .debug_macro   0x0000000000000000       0xc4 Src/led_button.o
 .debug_line    0x0000000000000000      0x410 Src/led_button.o
 .debug_str     0x0000000000000000     0x5c68 Src/led_button.o
 .comment       0x0000000000000000       0x54 Src/led_button.o
 .debug_frame   0x0000000000000000       0x38 Src/led_button.o
 .ARM.attributes
                0x0000000000000000       0x34 Src/led_button.o
 .group         0x0000000000000000        0xc Src/led_toggle.o
 .group         0x0000000000000000        0xc Src/led_toggle.o
 .group         0x0000000000000000        0xc Src/led_toggle.o
 .group         0x0000000000000000        0xc Src/led_toggle.o
 .group         0x0000000000000000        0xc Src/led_toggle.o
 .group         0x0000000000000000        0xc Src/led_toggle.o
 .group         0x0000000000000000        0xc Src/led_toggle.o
 .group         0x0000000000000000        0xc Src/led_toggle.o
 .group         0x0000000000000000        0xc Src/led_toggle.o
 .group         0x0000000000000000        0xc Src/led_toggle.o
 .text          0x0000000000000000        0x0 Src/led_toggle.o
 .data          0x0000000000000000        0x0 Src/led_toggle.o
 .bss           0x0000000000000000        0x0 Src/led_toggle.o
 .debug_info    0x0000000000000000       0x6f Src/led_toggle.o
 .debug_abbrev  0x0000000000000000       0x29 Src/led_toggle.o
 .debug_aranges
                0x0000000000000000       0x18 Src/led_toggle.o
 .debug_macro   0x0000000000000000       0x8c Src/led_toggle.o
 .debug_macro   0x0000000000000000      0xab4 Src/led_toggle.o
 .debug_macro   0x0000000000000000      0x174 Src/led_toggle.o
 .debug_macro   0x0000000000000000       0x22 Src/led_toggle.o
 .debug_macro   0x0000000000000000       0x8e Src/led_toggle.o
 .debug_macro   0x0000000000000000       0x51 Src/led_toggle.o
 .debug_macro   0x0000000000000000      0x103 Src/led_toggle.o
 .debug_macro   0x0000000000000000       0x6a Src/led_toggle.o
 .debug_macro   0x0000000000000000      0x1df Src/led_toggle.o
 .debug_macro   0x0000000000000000      0x3f5 Src/led_toggle.o
 .debug_macro   0x0000000000000000       0xc4 Src/led_toggle.o
 .debug_line    0x0000000000000000      0x3e8 Src/led_toggle.o
 .debug_str     0x0000000000000000     0x5c36 Src/led_toggle.o
 .comment       0x0000000000000000       0x54 Src/led_toggle.o
 .ARM.attributes
                0x0000000000000000       0x39 Src/led_toggle.o
 .group         0x0000000000000000        0xc Src/main.o
 .group         0x0000000000000000        0xc Src/main.o
 .group         0x0000000000000000        0xc Src/main.o
 .group         0x0000000000000000        0xc Src/main.o
 .group         0x0000000000000000        0xc Src/main.o
 .group         0x0000000000000000        0xc Src/main.o
 .group         0x0000000000000000        0xc Src/main.o
 .group         0x0000000000000000        0xc Src/main.o
 .group         0x0000000000000000        0xc Src/main.o
 .text          0x0000000000000000        0x0 Src/main.o
 .data          0x0000000000000000        0x0 Src/main.o
 .bss           0x0000000000000000        0x0 Src/main.o
 .debug_info    0x0000000000000000       0x6f Src/main.o
 .debug_abbrev  0x0000000000000000       0x29 Src/main.o
 .debug_aranges
                0x0000000000000000       0x18 Src/main.o
 .debug_macro   0x0000000000000000       0x75 Src/main.o
 .debug_macro   0x0000000000000000      0xab4 Src/main.o
 .debug_macro   0x0000000000000000       0x22 Src/main.o
 .debug_macro   0x0000000000000000       0x8e Src/main.o
 .debug_macro   0x0000000000000000       0x51 Src/main.o
 .debug_macro   0x0000000000000000      0x103 Src/main.o
 .debug_macro   0x0000000000000000       0x6a Src/main.o
 .debug_macro   0x0000000000000000      0x1df Src/main.o
 .debug_macro   0x0000000000000000      0x174 Src/main.o
 .debug_macro   0x0000000000000000      0x3f5 Src/main.o
 .debug_line    0x0000000000000000      0x3c5 Src/main.o
 .debug_str     0x0000000000000000     0x5999 Src/main.o
 .comment       0x0000000000000000       0x54 Src/main.o
 .ARM.attributes
                0x0000000000000000       0x39 Src/main.o
 .group         0x0000000000000000        0xc Src/spi_tx_testing.o
 .group         0x0000000000000000        0xc Src/spi_tx_testing.o
 .group         0x0000000000000000        0xc Src/spi_tx_testing.o
 .group         0x0000000000000000        0xc Src/spi_tx_testing.o
 .group         0x0000000000000000        0xc Src/spi_tx_testing.o
 .group         0x0000000000000000        0xc Src/spi_tx_testing.o
 .group         0x0000000000000000        0xc Src/spi_tx_testing.o
 .group         0x0000000000000000        0xc Src/spi_tx_testing.o
 .group         0x0000000000000000        0xc Src/spi_tx_testing.o
 .group         0x0000000000000000        0xc Src/spi_tx_testing.o
 .group         0x0000000000000000        0xc Src/spi_tx_testing.o
 .group         0x0000000000000000        0xc Src/spi_tx_testing.o
 .group         0x0000000000000000        0xc Src/spi_tx_testing.o
 .group         0x0000000000000000        0xc Src/spi_tx_testing.o
 .group         0x0000000000000000        0xc Src/spi_tx_testing.o
 .group         0x0000000000000000        0xc Src/spi_tx_testing.o
 .group         0x0000000000000000        0xc Src/spi_tx_testing.o
 .group         0x0000000000000000        0xc Src/spi_tx_testing.o
 .group         0x0000000000000000        0xc Src/spi_tx_testing.o
 .group         0x0000000000000000        0xc Src/spi_tx_testing.o
 .group         0x0000000000000000        0xc Src/spi_tx_testing.o
 .group         0x0000000000000000        0xc Src/spi_tx_testing.o
 .group         0x0000000000000000        0xc Src/spi_tx_testing.o
 .group         0x0000000000000000        0xc Src/spi_tx_testing.o
 .group         0x0000000000000000        0xc Src/spi_tx_testing.o
 .group         0x0000000000000000        0xc Src/spi_tx_testing.o
 .group         0x0000000000000000        0xc Src/spi_tx_testing.o
 .text          0x0000000000000000        0x0 Src/spi_tx_testing.o
 .data          0x0000000000000000        0x0 Src/spi_tx_testing.o
 .bss           0x0000000000000000        0x0 Src/spi_tx_testing.o
 .debug_macro   0x0000000000000000      0xab4 Src/spi_tx_testing.o
 .debug_macro   0x0000000000000000       0x22 Src/spi_tx_testing.o
 .debug_macro   0x0000000000000000      0x174 Src/spi_tx_testing.o
 .debug_macro   0x0000000000000000      0x103 Src/spi_tx_testing.o
 .debug_macro   0x0000000000000000       0x6a Src/spi_tx_testing.o
 .debug_macro   0x0000000000000000      0x1df Src/spi_tx_testing.o
 .debug_macro   0x0000000000000000      0x3f5 Src/spi_tx_testing.o
 .debug_macro   0x0000000000000000       0xc4 Src/spi_tx_testing.o
 .group         0x0000000000000000        0xc Src/syscalls.o
 .group         0x0000000000000000        0xc Src/syscalls.o
 .group         0x0000000000000000        0xc Src/syscalls.o
 .group         0x0000000000000000        0xc Src/syscalls.o
 .group         0x0000000000000000        0xc Src/syscalls.o
 .group         0x0000000000000000        0xc Src/syscalls.o
 .group         0x0000000000000000        0xc Src/syscalls.o
 .group         0x0000000000000000        0xc Src/syscalls.o
 .group         0x0000000000000000        0xc Src/syscalls.o
 .group         0x0000000000000000        0xc Src/syscalls.o
 .group         0x0000000000000000        0xc Src/syscalls.o
 .group         0x0000000000000000        0xc Src/syscalls.o
 .group         0x0000000000000000        0xc Src/syscalls.o
 .group         0x0000000000000000        0xc Src/syscalls.o
 .group         0x0000000000000000        0xc Src/syscalls.o
 .group         0x0000000000000000        0xc Src/syscalls.o
 .group         0x0000000000000000        0xc Src/syscalls.o
 .group         0x0000000000000000        0xc Src/syscalls.o
 .group         0x0000000000000000        0xc Src/syscalls.o
 .group         0x0000000000000000        0xc Src/syscalls.o
 .group         0x0000000000000000        0xc Src/syscalls.o
 .group         0x0000000000000000        0xc Src/syscalls.o
 .group         0x0000000000000000        0xc Src/syscalls.o
 .group         0x0000000000000000        0xc Src/syscalls.o
 .group         0x0000000000000000        0xc Src/syscalls.o
 .group         0x0000000000000000        0xc Src/syscalls.o
 .group         0x0000000000000000        0xc Src/syscalls.o
 .group         0x0000000000000000        0xc Src/syscalls.o
 .group         0x0000000000000000        0xc Src/syscalls.o
 .group         0x0000000000000000        0xc Src/syscalls.o
 .group         0x0000000000000000        0xc Src/syscalls.o
 .group         0x0000000000000000        0xc Src/syscalls.o
 .group         0x0000000000000000        0xc Src/syscalls.o
 .group         0x0000000000000000        0xc Src/syscalls.o
 .group         0x0000000000000000        0xc Src/syscalls.o
 .group         0x0000000000000000        0xc Src/syscalls.o
 .group         0x0000000000000000        0xc Src/syscalls.o
 .group         0x0000000000000000        0xc Src/syscalls.o
 .group         0x0000000000000000        0xc Src/syscalls.o
 .group         0x0000000000000000        0xc Src/syscalls.o
 .group         0x0000000000000000        0xc Src/syscalls.o
 .group         0x0000000000000000        0xc Src/syscalls.o
 .group         0x0000000000000000        0xc Src/syscalls.o
 .group         0x0000000000000000        0xc Src/syscalls.o
 .group         0x0000000000000000        0xc Src/syscalls.o
 .group         0x0000000000000000        0xc Src/syscalls.o
 .group         0x0000000000000000        0xc Src/syscalls.o
 .text          0x0000000000000000        0x0 Src/syscalls.o
 .data          0x0000000000000000        0x0 Src/syscalls.o
 .bss           0x0000000000000000        0x0 Src/syscalls.o
 .bss.__env     0x0000000000000000        0x4 Src/syscalls.o
 .data.environ  0x0000000000000000        0x4 Src/syscalls.o
 .text.initialise_monitor_handles
                0x0000000000000000        0xe Src/syscalls.o
 .text._getpid  0x0000000000000000       0x10 Src/syscalls.o
 .text._kill    0x0000000000000000       0x20 Src/syscalls.o
 .text._exit    0x0000000000000000       0x14 Src/syscalls.o
 .text._read    0x0000000000000000       0x3a Src/syscalls.o
 .text._write   0x0000000000000000       0x38 Src/syscalls.o
 .text._close   0x0000000000000000       0x18 Src/syscalls.o
 .text._fstat   0x0000000000000000       0x20 Src/syscalls.o
 .text._isatty  0x0000000000000000       0x16 Src/syscalls.o
 .text._lseek   0x0000000000000000       0x1a Src/syscalls.o
 .text._open    0x0000000000000000       0x1c Src/syscalls.o
 .text._wait    0x0000000000000000       0x1e Src/syscalls.o
 .text._unlink  0x0000000000000000       0x1e Src/syscalls.o
 .text._times   0x0000000000000000       0x18 Src/syscalls.o
 .text._stat    0x0000000000000000       0x20 Src/syscalls.o
 .text._link    0x0000000000000000       0x20 Src/syscalls.o
 .text._fork    0x0000000000000000       0x16 Src/syscalls.o
 .text._execve  0x0000000000000000       0x22 Src/syscalls.o
 .debug_info    0x0000000000000000      0xfa8 Src/syscalls.o
 .debug_abbrev  0x0000000000000000      0x286 Src/syscalls.o
 .debug_aranges
                0x0000000000000000       0xa8 Src/syscalls.o
 .debug_ranges  0x0000000000000000       0x98 Src/syscalls.o
 .debug_macro   0x0000000000000000      0x24c Src/syscalls.o
 .debug_macro   0x0000000000000000      0xab4 Src/syscalls.o
 .debug_macro   0x0000000000000000       0x22 Src/syscalls.o
 .debug_macro   0x0000000000000000       0x4c Src/syscalls.o
 .debug_macro   0x0000000000000000       0x18 Src/syscalls.o
 .debug_macro   0x0000000000000000       0x94 Src/syscalls.o
 .debug_macro   0x0000000000000000       0x3c Src/syscalls.o
 .debug_macro   0x0000000000000000       0x34 Src/syscalls.o
 .debug_macro   0x0000000000000000       0x57 Src/syscalls.o
 .debug_macro   0x0000000000000000      0x174 Src/syscalls.o
 .debug_macro   0x0000000000000000      0x339 Src/syscalls.o
 .debug_macro   0x0000000000000000       0x16 Src/syscalls.o
 .debug_macro   0x0000000000000000       0x43 Src/syscalls.o
 .debug_macro   0x0000000000000000       0x34 Src/syscalls.o
 .debug_macro   0x0000000000000000       0x10 Src/syscalls.o
 .debug_macro   0x0000000000000000       0x58 Src/syscalls.o
 .debug_macro   0x0000000000000000       0x71 Src/syscalls.o
 .debug_macro   0x0000000000000000       0x1c Src/syscalls.o
 .debug_macro   0x0000000000000000      0x12a Src/syscalls.o
 .debug_macro   0x0000000000000000       0x10 Src/syscalls.o
 .debug_macro   0x0000000000000000       0x35 Src/syscalls.o
 .debug_macro   0x0000000000000000       0x10 Src/syscalls.o
 .debug_macro   0x0000000000000000       0x10 Src/syscalls.o
 .debug_macro   0x0000000000000000       0x10 Src/syscalls.o
 .debug_macro   0x0000000000000000       0x6a Src/syscalls.o
 .debug_macro   0x0000000000000000       0x1c Src/syscalls.o
 .debug_macro   0x0000000000000000       0x52 Src/syscalls.o
 .debug_macro   0x0000000000000000       0x22 Src/syscalls.o
 .debug_macro   0x0000000000000000       0x10 Src/syscalls.o
 .debug_macro   0x0000000000000000       0x40 Src/syscalls.o
 .debug_macro   0x0000000000000000       0xd5 Src/syscalls.o
 .debug_macro   0x0000000000000000       0x1c Src/syscalls.o
 .debug_macro   0x0000000000000000       0x3d Src/syscalls.o
 .debug_macro   0x0000000000000000       0x35 Src/syscalls.o
 .debug_macro   0x0000000000000000      0x12c Src/syscalls.o
 .debug_macro   0x0000000000000000       0x16 Src/syscalls.o
 .debug_macro   0x0000000000000000       0x16 Src/syscalls.o
 .debug_macro   0x0000000000000000       0x29 Src/syscalls.o
 .debug_macro   0x0000000000000000       0x10 Src/syscalls.o
 .debug_macro   0x0000000000000000      0x241 Src/syscalls.o
 .debug_macro   0x0000000000000000       0x1c Src/syscalls.o
 .debug_macro   0x0000000000000000       0x10 Src/syscalls.o
 .debug_macro   0x0000000000000000       0x10 Src/syscalls.o
 .debug_macro   0x0000000000000000       0x16 Src/syscalls.o
 .debug_macro   0x0000000000000000      0x145 Src/syscalls.o
 .debug_macro   0x0000000000000000      0x189 Src/syscalls.o
 .debug_macro   0x0000000000000000       0x16 Src/syscalls.o
 .debug_macro   0x0000000000000000       0xce Src/syscalls.o
 .debug_line    0x0000000000000000      0x7d0 Src/syscalls.o
 .debug_str     0x0000000000000000     0x8efc Src/syscalls.o
 .comment       0x0000000000000000       0x54 Src/syscalls.o
 .debug_frame   0x0000000000000000      0x2ac Src/syscalls.o
 .ARM.attributes
                0x0000000000000000       0x34 Src/syscalls.o
 .group         0x0000000000000000        0xc Src/sysmem.o
 .group         0x0000000000000000        0xc Src/sysmem.o
 .group         0x0000000000000000        0xc Src/sysmem.o
 .group         0x0000000000000000        0xc Src/sysmem.o
 .group         0x0000000000000000        0xc Src/sysmem.o
 .group         0x0000000000000000        0xc Src/sysmem.o
 .group         0x0000000000000000        0xc Src/sysmem.o
 .group         0x0000000000000000        0xc Src/sysmem.o
 .group         0x0000000000000000        0xc Src/sysmem.o
 .group         0x0000000000000000        0xc Src/sysmem.o
 .group         0x0000000000000000        0xc Src/sysmem.o
 .group         0x0000000000000000        0xc Src/sysmem.o
 .group         0x0000000000000000        0xc Src/sysmem.o
 .group         0x0000000000000000        0xc Src/sysmem.o
 .group         0x0000000000000000        0xc Src/sysmem.o
 .group         0x0000000000000000        0xc Src/sysmem.o
 .group         0x0000000000000000        0xc Src/sysmem.o
 .group         0x0000000000000000        0xc Src/sysmem.o
 .group         0x0000000000000000        0xc Src/sysmem.o
 .group         0x0000000000000000        0xc Src/sysmem.o
 .group         0x0000000000000000        0xc Src/sysmem.o
 .group         0x0000000000000000        0xc Src/sysmem.o
 .text          0x0000000000000000        0x0 Src/sysmem.o
 .data          0x0000000000000000        0x0 Src/sysmem.o
 .bss           0x0000000000000000        0x0 Src/sysmem.o
 .bss.__sbrk_heap_end
                0x0000000000000000        0x4 Src/sysmem.o
 .text._sbrk    0x0000000000000000       0x6c Src/sysmem.o
 .debug_info    0x0000000000000000      0xa25 Src/sysmem.o
 .debug_abbrev  0x0000000000000000      0x1bf Src/sysmem.o
 .debug_aranges
                0x0000000000000000       0x20 Src/sysmem.o
 .debug_ranges  0x0000000000000000       0x10 Src/sysmem.o
 .debug_macro   0x0000000000000000       0xff Src/sysmem.o
 .debug_macro   0x0000000000000000      0xab4 Src/sysmem.o
 .debug_macro   0x0000000000000000       0x10 Src/sysmem.o
 .debug_macro   0x0000000000000000       0x22 Src/sysmem.o
 .debug_macro   0x0000000000000000       0x4c Src/sysmem.o
 .debug_macro   0x0000000000000000       0x18 Src/sysmem.o
 .debug_macro   0x0000000000000000       0x94 Src/sysmem.o
 .debug_macro   0x0000000000000000       0x3c Src/sysmem.o
 .debug_macro   0x0000000000000000       0x34 Src/sysmem.o
 .debug_macro   0x0000000000000000      0x174 Src/sysmem.o
 .debug_macro   0x0000000000000000       0x16 Src/sysmem.o
 .debug_macro   0x0000000000000000       0x43 Src/sysmem.o
 .debug_macro   0x0000000000000000       0x57 Src/sysmem.o
 .debug_macro   0x0000000000000000       0x34 Src/sysmem.o
 .debug_macro   0x0000000000000000       0x10 Src/sysmem.o
 .debug_macro   0x0000000000000000       0x58 Src/sysmem.o
 .debug_macro   0x0000000000000000       0x71 Src/sysmem.o
 .debug_macro   0x0000000000000000       0x1c Src/sysmem.o
 .debug_macro   0x0000000000000000      0x12a Src/sysmem.o
 .debug_macro   0x0000000000000000      0x23b Src/sysmem.o
 .debug_macro   0x0000000000000000      0x103 Src/sysmem.o
 .debug_macro   0x0000000000000000       0x6a Src/sysmem.o
 .debug_macro   0x0000000000000000      0x1df Src/sysmem.o
 .debug_line    0x0000000000000000      0x4c6 Src/sysmem.o
 .debug_str     0x0000000000000000     0x62cf Src/sysmem.o
 .comment       0x0000000000000000       0x54 Src/sysmem.o
 .debug_frame   0x0000000000000000       0x34 Src/sysmem.o
 .ARM.attributes
                0x0000000000000000       0x34 Src/sysmem.o
 .text          0x0000000000000000       0x14 Startup/startup_stm32f407vgtx.o
 .data          0x0000000000000000        0x0 Startup/startup_stm32f407vgtx.o
 .bss           0x0000000000000000        0x0 Startup/startup_stm32f407vgtx.o
 .group         0x0000000000000000        0xc drivers/Src/stm32f407xx_gpio_driver.o
 .group         0x0000000000000000        0xc drivers/Src/stm32f407xx_gpio_driver.o
 .group         0x0000000000000000        0xc drivers/Src/stm32f407xx_gpio_driver.o
 .group         0x0000000000000000        0xc drivers/Src/stm32f407xx_gpio_driver.o
 .group         0x0000000000000000        0xc drivers/Src/stm32f407xx_gpio_driver.o
 .group         0x0000000000000000        0xc drivers/Src/stm32f407xx_gpio_driver.o
 .group         0x0000000000000000        0xc drivers/Src/stm32f407xx_gpio_driver.o
 .group         0x0000000000000000        0xc drivers/Src/stm32f407xx_gpio_driver.o
 .group         0x0000000000000000        0xc drivers/Src/stm32f407xx_gpio_driver.o
 .group         0x0000000000000000        0xc drivers/Src/stm32f407xx_gpio_driver.o
 .group         0x0000000000000000        0xc drivers/Src/stm32f407xx_gpio_driver.o
 .text          0x0000000000000000        0x0 drivers/Src/stm32f407xx_gpio_driver.o
 .data          0x0000000000000000        0x0 drivers/Src/stm32f407xx_gpio_driver.o
 .bss           0x0000000000000000        0x0 drivers/Src/stm32f407xx_gpio_driver.o
 .text.GPIO_DeInit
                0x0000000000000000      0x16c drivers/Src/stm32f407xx_gpio_driver.o
 .text.GPIO_ReadFromInputPin
                0x0000000000000000       0x2c drivers/Src/stm32f407xx_gpio_driver.o
 .text.GPIO_ReadFromInputPort
                0x0000000000000000       0x1c drivers/Src/stm32f407xx_gpio_driver.o
 .text.GPIO_WriteToOutputPin
                0x0000000000000000       0x4a drivers/Src/stm32f407xx_gpio_driver.o
 .text.GPIO_WriteToOutputPort
                0x0000000000000000       0x1e drivers/Src/stm32f407xx_gpio_driver.o
 .text.GPIO_ToggleOutputPin
                0x0000000000000000       0x2a drivers/Src/stm32f407xx_gpio_driver.o
 .text.GPIO_IRQInterruptConfig
                0x0000000000000000      0x10c drivers/Src/stm32f407xx_gpio_driver.o
 .text.GPIO_IRQPriorityConfig
                0x0000000000000000       0x54 drivers/Src/stm32f407xx_gpio_driver.o
 .text.GPIO_IRQHandling
                0x0000000000000000       0x40 drivers/Src/stm32f407xx_gpio_driver.o
 .debug_macro   0x0000000000000000      0xab4 drivers/Src/stm32f407xx_gpio_driver.o
 .debug_macro   0x0000000000000000      0x174 drivers/Src/stm32f407xx_gpio_driver.o
 .debug_macro   0x0000000000000000       0x22 drivers/Src/stm32f407xx_gpio_driver.o
 .debug_macro   0x0000000000000000       0x8e drivers/Src/stm32f407xx_gpio_driver.o
 .debug_macro   0x0000000000000000       0x51 drivers/Src/stm32f407xx_gpio_driver.o
 .debug_macro   0x0000000000000000      0x103 drivers/Src/stm32f407xx_gpio_driver.o
 .debug_macro   0x0000000000000000       0x6a drivers/Src/stm32f407xx_gpio_driver.o
 .debug_macro   0x0000000000000000      0x1df drivers/Src/stm32f407xx_gpio_driver.o
 .debug_macro   0x0000000000000000      0x3f5 drivers/Src/stm32f407xx_gpio_driver.o
 .debug_macro   0x0000000000000000       0xc4 drivers/Src/stm32f407xx_gpio_driver.o
 .group         0x0000000000000000        0xc drivers/Src/stm32f407xx_spi_driver.o
 .group         0x0000000000000000        0xc drivers/Src/stm32f407xx_spi_driver.o
 .group         0x0000000000000000        0xc drivers/Src/stm32f407xx_spi_driver.o
 .group         0x0000000000000000        0xc drivers/Src/stm32f407xx_spi_driver.o
 .group         0x0000000000000000        0xc drivers/Src/stm32f407xx_spi_driver.o
 .group         0x0000000000000000        0xc drivers/Src/stm32f407xx_spi_driver.o
 .group         0x0000000000000000        0xc drivers/Src/stm32f407xx_spi_driver.o
 .group         0x0000000000000000        0xc drivers/Src/stm32f407xx_spi_driver.o
 .group         0x0000000000000000        0xc drivers/Src/stm32f407xx_spi_driver.o
 .group         0x0000000000000000        0xc drivers/Src/stm32f407xx_spi_driver.o
 .text          0x0000000000000000        0x0 drivers/Src/stm32f407xx_spi_driver.o
 .data          0x0000000000000000        0x0 drivers/Src/stm32f407xx_spi_driver.o
 .bss           0x0000000000000000        0x0 drivers/Src/stm32f407xx_spi_driver.o
 .text.SPI_DeInit
                0x0000000000000000       0x14 drivers/Src/stm32f407xx_spi_driver.o
 .text.SPI_ReceiveData
                0x0000000000000000       0x6e drivers/Src/stm32f407xx_spi_driver.o
 .text.SPI_SendDataIT
                0x0000000000000000       0x48 drivers/Src/stm32f407xx_spi_driver.o
 .text.SPI_ReceiveDataIT
                0x0000000000000000       0x48 drivers/Src/stm32f407xx_spi_driver.o
 .text.SPI_IRQHandling
                0x0000000000000000       0x9a drivers/Src/stm32f407xx_spi_driver.o
 .text.spi_txe_interrupt_handle
                0x0000000000000000       0x80 drivers/Src/stm32f407xx_spi_driver.o
 .text.spi_rxne_interrupt_handle
                0x0000000000000000       0x84 drivers/Src/stm32f407xx_spi_driver.o
 .text.spi_ovr_err_interrupt_handle
                0x0000000000000000       0x30 drivers/Src/stm32f407xx_spi_driver.o
 .text.SPI_CloseTransmisson
                0x0000000000000000       0x36 drivers/Src/stm32f407xx_spi_driver.o
 .text.SPI_CloseReception
                0x0000000000000000       0x36 drivers/Src/stm32f407xx_spi_driver.o
 .text.SPI_ClearOVRFlag
                0x0000000000000000       0x20 drivers/Src/stm32f407xx_spi_driver.o
 .text.SPI_ApplicationEventCallback
                0x0000000000000000       0x18 drivers/Src/stm32f407xx_spi_driver.o
 .debug_macro   0x0000000000000000      0xab4 drivers/Src/stm32f407xx_spi_driver.o
 .debug_macro   0x0000000000000000      0x174 drivers/Src/stm32f407xx_spi_driver.o
 .debug_macro   0x0000000000000000       0x22 drivers/Src/stm32f407xx_spi_driver.o
 .debug_macro   0x0000000000000000       0x8e drivers/Src/stm32f407xx_spi_driver.o
 .debug_macro   0x0000000000000000       0x51 drivers/Src/stm32f407xx_spi_driver.o
 .debug_macro   0x0000000000000000      0x103 drivers/Src/stm32f407xx_spi_driver.o
 .debug_macro   0x0000000000000000       0x6a drivers/Src/stm32f407xx_spi_driver.o
 .debug_macro   0x0000000000000000      0x1df drivers/Src/stm32f407xx_spi_driver.o
 .debug_macro   0x0000000000000000      0x3f5 drivers/Src/stm32f407xx_spi_driver.o
 .debug_macro   0x0000000000000000       0xbe drivers/Src/stm32f407xx_spi_driver.o
 .text          0x0000000000000000        0x0 /opt/st/stm32cubeide_1.6.1/plugins/com.st.stm32cube.ide.mcu.externaltools.gnu-tools-for-stm32.9-2020-q2-update.linux64_1.5.0.202011040924/tools/bin/../lib/gcc/arm-none-eabi/9.3.1/../../../../arm-none-eabi/lib/thumb/v7e-m+fp/hard/libc_nano.a(lib_a-errno.o)
 .data          0x0000000000000000        0x0 /opt/st/stm32cubeide_1.6.1/plugins/com.st.stm32cube.ide.mcu.externaltools.gnu-tools-for-stm32.9-2020-q2-update.linux64_1.5.0.202011040924/tools/bin/../lib/gcc/arm-none-eabi/9.3.1/../../../../arm-none-eabi/lib/thumb/v7e-m+fp/hard/libc_nano.a(lib_a-errno.o)
 .bss           0x0000000000000000        0x0 /opt/st/stm32cubeide_1.6.1/plugins/com.st.stm32cube.ide.mcu.externaltools.gnu-tools-for-stm32.9-2020-q2-update.linux64_1.5.0.202011040924/tools/bin/../lib/gcc/arm-none-eabi/9.3.1/../../../../arm-none-eabi/lib/thumb/v7e-m+fp/hard/libc_nano.a(lib_a-errno.o)
 .text.__errno  0x0000000000000000        0xc /opt/st/stm32cubeide_1.6.1/plugins/com.st.stm32cube.ide.mcu.externaltools.gnu-tools-for-stm32.9-2020-q2-update.linux64_1.5.0.202011040924/tools/bin/../lib/gcc/arm-none-eabi/9.3.1/../../../../arm-none-eabi/lib/thumb/v7e-m+fp/hard/libc_nano.a(lib_a-errno.o)
 .debug_frame   0x0000000000000000       0x20 /opt/st/stm32cubeide_1.6.1/plugins/com.st.stm32cube.ide.mcu.externaltools.gnu-tools-for-stm32.9-2020-q2-update.linux64_1.5.0.202011040924/tools/bin/../lib/gcc/arm-none-eabi/9.3.1/../../../../arm-none-eabi/lib/thumb/v7e-m+fp/hard/libc_nano.a(lib_a-errno.o)
 .ARM.attributes
                0x0000000000000000       0x34 /opt/st/stm32cubeide_1.6.1/plugins/com.st.stm32cube.ide.mcu.externaltools.gnu-tools-for-stm32.9-2020-q2-update.linux64_1.5.0.202011040924/tools/bin/../lib/gcc/arm-none-eabi/9.3.1/../../../../arm-none-eabi/lib/thumb/v7e-m+fp/hard/libc_nano.a(lib_a-errno.o)
 .text          0x0000000000000000        0x0 /opt/st/stm32cubeide_1.6.1/plugins/com.st.stm32cube.ide.mcu.externaltools.gnu-tools-for-stm32.9-2020-q2-update.linux64_1.5.0.202011040924/tools/bin/../lib/gcc/arm-none-eabi/9.3.1/../../../../arm-none-eabi/lib/thumb/v7e-m+fp/hard/libc_nano.a(lib_a-exit.o)
 .data          0x0000000000000000        0x0 /opt/st/stm32cubeide_1.6.1/plugins/com.st.stm32cube.ide.mcu.externaltools.gnu-tools-for-stm32.9-2020-q2-update.linux64_1.5.0.202011040924/tools/bin/../lib/gcc/arm-none-eabi/9.3.1/../../../../arm-none-eabi/lib/thumb/v7e-m+fp/hard/libc_nano.a(lib_a-exit.o)
 .bss           0x0000000000000000        0x0 /opt/st/stm32cubeide_1.6.1/plugins/com.st.stm32cube.ide.mcu.externaltools.gnu-tools-for-stm32.9-2020-q2-update.linux64_1.5.0.202011040924/tools/bin/../lib/gcc/arm-none-eabi/9.3.1/../../../../arm-none-eabi/lib/thumb/v7e-m+fp/hard/libc_nano.a(lib_a-exit.o)
 .text.exit     0x0000000000000000       0x28 /opt/st/stm32cubeide_1.6.1/plugins/com.st.stm32cube.ide.mcu.externaltools.gnu-tools-for-stm32.9-2020-q2-update.linux64_1.5.0.202011040924/tools/bin/../lib/gcc/arm-none-eabi/9.3.1/../../../../arm-none-eabi/lib/thumb/v7e-m+fp/hard/libc_nano.a(lib_a-exit.o)
 .debug_frame   0x0000000000000000       0x28 /opt/st/stm32cubeide_1.6.1/plugins/com.st.stm32cube.ide.mcu.externaltools.gnu-tools-for-stm32.9-2020-q2-update.linux64_1.5.0.202011040924/tools/bin/../lib/gcc/arm-none-eabi/9.3.1/../../../../arm-none-eabi/lib/thumb/v7e-m+fp/hard/libc_nano.a(lib_a-exit.o)
 .ARM.attributes
                0x0000000000000000       0x34 /opt/st/stm32cubeide_1.6.1/plugins/com.st.stm32cube.ide.mcu.externaltools.gnu-tools-for-stm32.9-2020-q2-update.linux64_1.5.0.202011040924/tools/bin/../lib/gcc/arm-none-eabi/9.3.1/../../../../arm-none-eabi/lib/thumb/v7e-m+fp/hard/libc_nano.a(lib_a-exit.o)
 .text          0x0000000000000000        0x0 /opt/st/stm32cubeide_1.6.1/plugins/com.st.stm32cube.ide.mcu.externaltools.gnu-tools-for-stm32.9-2020-q2-update.linux64_1.5.0.202011040924/tools/bin/../lib/gcc/arm-none-eabi/9.3.1/../../../../arm-none-eabi/lib/thumb/v7e-m+fp/hard/libc_nano.a(lib_a-impure.o)
 .data          0x0000000000000000        0x0 /opt/st/stm32cubeide_1.6.1/plugins/com.st.stm32cube.ide.mcu.externaltools.gnu-tools-for-stm32.9-2020-q2-update.linux64_1.5.0.202011040924/tools/bin/../lib/gcc/arm-none-eabi/9.3.1/../../../../arm-none-eabi/lib/thumb/v7e-m+fp/hard/libc_nano.a(lib_a-impure.o)
 .bss           0x0000000000000000        0x0 /opt/st/stm32cubeide_1.6.1/plugins/com.st.stm32cube.ide.mcu.externaltools.gnu-tools-for-stm32.9-2020-q2-update.linux64_1.5.0.202011040924/tools/bin/../lib/gcc/arm-none-eabi/9.3.1/../../../../arm-none-eabi/lib/thumb/v7e-m+fp/hard/libc_nano.a(lib_a-impure.o)
 .data._impure_ptr
                0x0000000000000000        0x4 /opt/st/stm32cubeide_1.6.1/plugins/com.st.stm32cube.ide.mcu.externaltools.gnu-tools-for-stm32.9-2020-q2-update.linux64_1.5.0.202011040924/tools/bin/../lib/gcc/arm-none-eabi/9.3.1/../../../../arm-none-eabi/lib/thumb/v7e-m+fp/hard/libc_nano.a(lib_a-impure.o)
 .data.impure_data
                0x0000000000000000       0x60 /opt/st/stm32cubeide_1.6.1/plugins/com.st.stm32cube.ide.mcu.externaltools.gnu-tools-for-stm32.9-2020-q2-update.linux64_1.5.0.202011040924/tools/bin/../lib/gcc/arm-none-eabi/9.3.1/../../../../arm-none-eabi/lib/thumb/v7e-m+fp/hard/libc_nano.a(lib_a-impure.o)
 .rodata._global_impure_ptr
                0x0000000000000000        0x4 /opt/st/stm32cubeide_1.6.1/plugins/com.st.stm32cube.ide.mcu.externaltools.gnu-tools-for-stm32.9-2020-q2-update.linux64_1.5.0.202011040924/tools/bin/../lib/gcc/arm-none-eabi/9.3.1/../../../../arm-none-eabi/lib/thumb/v7e-m+fp/hard/libc_nano.a(lib_a-impure.o)
 .ARM.attributes
                0x0000000000000000       0x32 /opt/st/stm32cubeide_1.6.1/plugins/com.st.stm32cube.ide.mcu.externaltools.gnu-tools-for-stm32.9-2020-q2-update.linux64_1.5.0.202011040924/tools/bin/../lib/gcc/arm-none-eabi/9.3.1/../../../../arm-none-eabi/lib/thumb/v7e-m+fp/hard/libc_nano.a(lib_a-impure.o)
 .text          0x0000000000000000        0x0 /opt/st/stm32cubeide_1.6.1/plugins/com.st.stm32cube.ide.mcu.externaltools.gnu-tools-for-stm32.9-2020-q2-update.linux64_1.5.0.202011040924/tools/bin/../lib/gcc/arm-none-eabi/9.3.1/../../../../arm-none-eabi/lib/thumb/v7e-m+fp/hard/libc_nano.a(lib_a-init.o)
 .data          0x0000000000000000        0x0 /opt/st/stm32cubeide_1.6.1/plugins/com.st.stm32cube.ide.mcu.externaltools.gnu-tools-for-stm32.9-2020-q2-update.linux64_1.5.0.202011040924/tools/bin/../lib/gcc/arm-none-eabi/9.3.1/../../../../arm-none-eabi/lib/thumb/v7e-m+fp/hard/libc_nano.a(lib_a-init.o)
 .bss           0x0000000000000000        0x0 /opt/st/stm32cubeide_1.6.1/plugins/com.st.stm32cube.ide.mcu.externaltools.gnu-tools-for-stm32.9-2020-q2-update.linux64_1.5.0.202011040924/tools/bin/../lib/gcc/arm-none-eabi/9.3.1/../../../../arm-none-eabi/lib/thumb/v7e-m+fp/hard/libc_nano.a(lib_a-init.o)
 .text          0x0000000000000000        0x0 /opt/st/stm32cubeide_1.6.1/plugins/com.st.stm32cube.ide.mcu.externaltools.gnu-tools-for-stm32.9-2020-q2-update.linux64_1.5.0.202011040924/tools/bin/../lib/gcc/arm-none-eabi/9.3.1/../../../../arm-none-eabi/lib/thumb/v7e-m+fp/hard/libc_nano.a(lib_a-memset.o)
 .data          0x0000000000000000        0x0 /opt/st/stm32cubeide_1.6.1/plugins/com.st.stm32cube.ide.mcu.externaltools.gnu-tools-for-stm32.9-2020-q2-update.linux64_1.5.0.202011040924/tools/bin/../lib/gcc/arm-none-eabi/9.3.1/../../../../arm-none-eabi/lib/thumb/v7e-m+fp/hard/libc_nano.a(lib_a-memset.o)
 .bss           0x0000000000000000        0x0 /opt/st/stm32cubeide_1.6.1/plugins/com.st.stm32cube.ide.mcu.externaltools.gnu-tools-for-stm32.9-2020-q2-update.linux64_1.5.0.202011040924/tools/bin/../lib/gcc/arm-none-eabi/9.3.1/../../../../arm-none-eabi/lib/thumb/v7e-m+fp/hard/libc_nano.a(lib_a-memset.o)
 .text.memset   0x0000000000000000       0x10 /opt/st/stm32cubeide_1.6.1/plugins/com.st.stm32cube.ide.mcu.externaltools.gnu-tools-for-stm32.9-2020-q2-update.linux64_1.5.0.202011040924/tools/bin/../lib/gcc/arm-none-eabi/9.3.1/../../../../arm-none-eabi/lib/thumb/v7e-m+fp/hard/libc_nano.a(lib_a-memset.o)
 .debug_frame   0x0000000000000000       0x20 /opt/st/stm32cubeide_1.6.1/plugins/com.st.stm32cube.ide.mcu.externaltools.gnu-tools-for-stm32.9-2020-q2-update.linux64_1.5.0.202011040924/tools/bin/../lib/gcc/arm-none-eabi/9.3.1/../../../../arm-none-eabi/lib/thumb/v7e-m+fp/hard/libc_nano.a(lib_a-memset.o)
 .ARM.attributes
                0x0000000000000000       0x34 /opt/st/stm32cubeide_1.6.1/plugins/com.st.stm32cube.ide.mcu.externaltools.gnu-tools-for-stm32.9-2020-q2-update.linux64_1.5.0.202011040924/tools/bin/../lib/gcc/arm-none-eabi/9.3.1/../../../../arm-none-eabi/lib/thumb/v7e-m+fp/hard/libc_nano.a(lib_a-memset.o)
 .data          0x0000000000000000        0x0 /opt/st/stm32cubeide_1.6.1/plugins/com.st.stm32cube.ide.mcu.externaltools.gnu-tools-for-stm32.9-2020-q2-update.linux64_1.5.0.202011040924/tools/bin/../lib/gcc/arm-none-eabi/9.3.1/../../../../arm-none-eabi/lib/thumb/v7e-m+fp/hard/libc_nano.a(lib_a-strlen.o)
 .bss           0x0000000000000000        0x0 /opt/st/stm32cubeide_1.6.1/plugins/com.st.stm32cube.ide.mcu.externaltools.gnu-tools-for-stm32.9-2020-q2-update.linux64_1.5.0.202011040924/tools/bin/../lib/gcc/arm-none-eabi/9.3.1/../../../../arm-none-eabi/lib/thumb/v7e-m+fp/hard/libc_nano.a(lib_a-strlen.o)
 .text          0x0000000000000000        0x0 /opt/st/stm32cubeide_1.6.1/plugins/com.st.stm32cube.ide.mcu.externaltools.gnu-tools-for-stm32.9-2020-q2-update.linux64_1.5.0.202011040924/tools/bin/../lib/gcc/arm-none-eabi/9.3.1/thumb/v7e-m+fp/hard/crtend.o
 .data          0x0000000000000000        0x0 /opt/st/stm32cubeide_1.6.1/plugins/com.st.stm32cube.ide.mcu.externaltools.gnu-tools-for-stm32.9-2020-q2-update.linux64_1.5.0.202011040924/tools/bin/../lib/gcc/arm-none-eabi/9.3.1/thumb/v7e-m+fp/hard/crtend.o
 .bss           0x0000000000000000        0x0 /opt/st/stm32cubeide_1.6.1/plugins/com.st.stm32cube.ide.mcu.externaltools.gnu-tools-for-stm32.9-2020-q2-update.linux64_1.5.0.202011040924/tools/bin/../lib/gcc/arm-none-eabi/9.3.1/thumb/v7e-m+fp/hard/crtend.o
 .eh_frame      0x0000000000000000        0x4 /opt/st/stm32cubeide_1.6.1/plugins/com.st.stm32cube.ide.mcu.externaltools.gnu-tools-for-stm32.9-2020-q2-update.linux64_1.5.0.202011040924/tools/bin/../lib/gcc/arm-none-eabi/9.3.1/thumb/v7e-m+fp/hard/crtend.o
 .ARM.attributes
                0x0000000000000000       0x32 /opt/st/stm32cubeide_1.6.1/plugins/com.st.stm32cube.ide.mcu.externaltools.gnu-tools-for-stm32.9-2020-q2-update.linux64_1.5.0.202011040924/tools/bin/../lib/gcc/arm-none-eabi/9.3.1/thumb/v7e-m+fp/hard/crtend.o
 .text          0x0000000000000000        0x0 /opt/st/stm32cubeide_1.6.1/plugins/com.st.stm32cube.ide.mcu.externaltools.gnu-tools-for-stm32.9-2020-q2-update.linux64_1.5.0.202011040924/tools/bin/../lib/gcc/arm-none-eabi/9.3.1/thumb/v7e-m+fp/hard/crtn.o
 .data          0x0000000000000000        0x0 /opt/st/stm32cubeide_1.6.1/plugins/com.st.stm32cube.ide.mcu.externaltools.gnu-tools-for-stm32.9-2020-q2-update.linux64_1.5.0.202011040924/tools/bin/../lib/gcc/arm-none-eabi/9.3.1/thumb/v7e-m+fp/hard/crtn.o
 .bss           0x0000000000000000        0x0 /opt/st/stm32cubeide_1.6.1/plugins/com.st.stm32cube.ide.mcu.externaltools.gnu-tools-for-stm32.9-2020-q2-update.linux64_1.5.0.202011040924/tools/bin/../lib/gcc/arm-none-eabi/9.3.1/thumb/v7e-m+fp/hard/crtn.o

Memory Configuration

Name             Origin             Length             Attributes
RAM              0x0000000020000000 0x0000000000020000 xrw
FLASH            0x0000000008000000 0x0000000000100000 xr
*default*        0x0000000000000000 0xffffffffffffffff

Linker script and memory map

LOAD /opt/st/stm32cubeide_1.6.1/plugins/com.st.stm32cube.ide.mcu.externaltools.gnu-tools-for-stm32.9-2020-q2-update.linux64_1.5.0.202011040924/tools/bin/../lib/gcc/arm-none-eabi/9.3.1/thumb/v7e-m+fp/hard/crti.o
LOAD /opt/st/stm32cubeide_1.6.1/plugins/com.st.stm32cube.ide.mcu.externaltools.gnu-tools-for-stm32.9-2020-q2-update.linux64_1.5.0.202011040924/tools/bin/../lib/gcc/arm-none-eabi/9.3.1/thumb/v7e-m+fp/hard/crtbegin.o
LOAD /opt/st/stm32cubeide_1.6.1/plugins/com.st.stm32cube.ide.mcu.externaltools.gnu-tools-for-stm32.9-2020-q2-update.linux64_1.5.0.202011040924/tools/bin/../lib/gcc/arm-none-eabi/9.3.1/../../../../arm-none-eabi/lib/thumb/v7e-m+fp/hard/crt0.o
LOAD Src/led_button.o
LOAD Src/led_toggle.o
LOAD Src/main.o
LOAD Src/spi_tx_testing.o
LOAD Src/syscalls.o
LOAD Src/sysmem.o
LOAD Startup/startup_stm32f407vgtx.o
LOAD drivers/Src/stm32f407xx_gpio_driver.o
LOAD drivers/Src/stm32f407xx_spi_driver.o
START GROUP
LOAD /opt/st/stm32cubeide_1.6.1/plugins/com.st.stm32cube.ide.mcu.externaltools.gnu-tools-for-stm32.9-2020-q2-update.linux64_1.5.0.202011040924/tools/bin/../lib/gcc/arm-none-eabi/9.3.1/../../../../arm-none-eabi/lib/thumb/v7e-m+fp/hard/libc_nano.a
LOAD /opt/st/stm32cubeide_1.6.1/plugins/com.st.stm32cube.ide.mcu.externaltools.gnu-tools-for-stm32.9-2020-q2-update.linux64_1.5.0.202011040924/tools/bin/../lib/gcc/arm-none-eabi/9.3.1/../../../../arm-none-eabi/lib/thumb/v7e-m+fp/hard/libm.a
END GROUP
START GROUP
LOAD /opt/st/stm32cubeide_1.6.1/plugins/com.st.stm32cube.ide.mcu.externaltools.gnu-tools-for-stm32.9-2020-q2-update.linux64_1.5.0.202011040924/tools/bin/../lib/gcc/arm-none-eabi/9.3.1/thumb/v7e-m+fp/hard/libgcc.a
LOAD /opt/st/stm32cubeide_1.6.1/plugins/com.st.stm32cube.ide.mcu.externaltools.gnu-tools-for-stm32.9-2020-q2-update.linux64_1.5.0.202011040924/tools/bin/../lib/gcc/arm-none-eabi/9.3.1/../../../../arm-none-eabi/lib/thumb/v7e-m+fp/hard/libc_nano.a
END GROUP
START GROUP
LOAD /opt/st/stm32cubeide_1.6.1/plugins/com.st.stm32cube.ide.mcu.externaltools.gnu-tools-for-stm32.9-2020-q2-update.linux64_1.5.0.202011040924/tools/bin/../lib/gcc/arm-none-eabi/9.3.1/thumb/v7e-m+fp/hard/libgcc.a
LOAD /opt/st/stm32cubeide_1.6.1/plugins/com.st.stm32cube.ide.mcu.externaltools.gnu-tools-for-stm32.9-2020-q2-update.linux64_1.5.0.202011040924/tools/bin/../lib/gcc/arm-none-eabi/9.3.1/../../../../arm-none-eabi/lib/thumb/v7e-m+fp/hard/libc_nano.a
LOAD /opt/st/stm32cubeide_1.6.1/plugins/com.st.stm32cube.ide.mcu.externaltools.gnu-tools-for-stm32.9-2020-q2-update.linux64_1.5.0.202011040924/tools/bin/../lib/gcc/arm-none-eabi/9.3.1/../../../../arm-none-eabi/lib/thumb/v7e-m+fp/hard/libnosys.a
END GROUP
START GROUP
LOAD /opt/st/stm32cubeide_1.6.1/plugins/com.st.stm32cube.ide.mcu.externaltools.gnu-tools-for-stm32.9-2020-q2-update.linux64_1.5.0.202011040924/tools/bin/../lib/gcc/arm-none-eabi/9.3.1/thumb/v7e-m+fp/hard/libgcc.a
LOAD /opt/st/stm32cubeide_1.6.1/plugins/com.st.stm32cube.ide.mcu.externaltools.gnu-tools-for-stm32.9-2020-q2-update.linux64_1.5.0.202011040924/tools/bin/../lib/gcc/arm-none-eabi/9.3.1/../../../../arm-none-eabi/lib/thumb/v7e-m+fp/hard/libc_nano.a
LOAD /opt/st/stm32cubeide_1.6.1/plugins/com.st.stm32cube.ide.mcu.externaltools.gnu-tools-for-stm32.9-2020-q2-update.linux64_1.5.0.202011040924/tools/bin/../lib/gcc/arm-none-eabi/9.3.1/../../../../arm-none-eabi/lib/thumb/v7e-m+fp/hard/libnosys.a
END GROUP
LOAD /opt/st/stm32cubeide_1.6.1/plugins/com.st.stm32cube.ide.mcu.externaltools.gnu-tools-for-stm32.9-2020-q2-update.linux64_1.5.0.202011040924/tools/bin/../lib/gcc/arm-none-eabi/9.3.1/thumb/v7e-m+fp/hard/crtend.o
LOAD /opt/st/stm32cubeide_1.6.1/plugins/com.st.stm32cube.ide.mcu.externaltools.gnu-tools-for-stm32.9-2020-q2-update.linux64_1.5.0.202011040924/tools/bin/../lib/gcc/arm-none-eabi/9.3.1/thumb/v7e-m+fp/hard/crtn.o
                0x0000000020020000                _estack = (ORIGIN (RAM) + LENGTH (RAM))
                0x0000000000000200                _Min_Heap_Size = 0x200
                0x0000000000000400                _Min_Stack_Size = 0x400

.isr_vector     0x0000000008000000      0x1a8
                0x0000000008000000                . = ALIGN (0x4)
 *(.isr_vector)
 .isr_vector    0x0000000008000000      0x1a8 Startup/startup_stm32f407vgtx.o
                0x0000000008000000                g_pfnVectors
                0x00000000080001a8                . = ALIGN (0x4)

.text           0x00000000080001a8      0x860
                0x00000000080001a8                . = ALIGN (0x4)
 *(.text)
 .text          0x00000000080001a8       0x40 /opt/st/stm32cubeide_1.6.1/plugins/com.st.stm32cube.ide.mcu.externaltools.gnu-tools-for-stm32.9-2020-q2-update.linux64_1.5.0.202011040924/tools/bin/../lib/gcc/arm-none-eabi/9.3.1/thumb/v7e-m+fp/hard/crtbegin.o
 .text          0x00000000080001e8       0x10 /opt/st/stm32cubeide_1.6.1/plugins/com.st.stm32cube.ide.mcu.externaltools.gnu-tools-for-stm32.9-2020-q2-update.linux64_1.5.0.202011040924/tools/bin/../lib/gcc/arm-none-eabi/9.3.1/../../../../arm-none-eabi/lib/thumb/v7e-m+fp/hard/libc_nano.a(lib_a-strlen.o)
                0x00000000080001e8                strlen
 *(.text*)
 .text.SPI2_GPIOInits
                0x00000000080001f8       0x44 Src/spi_tx_testing.o
                0x00000000080001f8                SPI2_GPIOInits
 .text.SPI2_Inits
                0x000000000800023c       0x3c Src/spi_tx_testing.o
                0x000000000800023c                SPI2_Inits
 .text.main     0x0000000008000278       0x60 Src/spi_tx_testing.o
                0x0000000008000278                main
 .text.Reset_Handler
                0x00000000080002d8       0x50 Startup/startup_stm32f407vgtx.o
                0x00000000080002d8                Reset_Handler
 .text.Default_Handler
                0x0000000008000328        0x2 Startup/startup_stm32f407vgtx.o
                0x0000000008000328                RTC_Alarm_IRQHandler
                0x0000000008000328                HASH_RNG_IRQHandler
                0x0000000008000328                EXTI2_IRQHandler
                0x0000000008000328                TIM8_CC_IRQHandler
                0x0000000008000328                DebugMon_Handler
                0x0000000008000328                TIM1_CC_IRQHandler
                0x0000000008000328                DMA2_Stream5_IRQHandler
                0x0000000008000328                HardFault_Handler
                0x0000000008000328                DMA1_Stream5_IRQHandler
                0x0000000008000328                SysTick_Handler
                0x0000000008000328                PVD_IRQHandler
                0x0000000008000328                SDIO_IRQHandler
                0x0000000008000328                TAMP_STAMP_IRQHandler
                0x0000000008000328                PendSV_Handler
                0x0000000008000328                NMI_Handler
                0x0000000008000328                CAN2_RX1_IRQHandler
                0x0000000008000328                EXTI3_IRQHandler
                0x0000000008000328                TIM8_TRG_COM_TIM14_IRQHandler
                0x0000000008000328                TIM1_UP_TIM10_IRQHandler
                0x0000000008000328                TIM8_UP_TIM13_IRQHandler
                0x0000000008000328                I2C3_ER_IRQHandler
                0x0000000008000328                LCD_TFT_IRQHandler
                0x0000000008000328                EXTI0_IRQHandler
                0x0000000008000328                I2C2_EV_IRQHandler
                0x0000000008000328                DMA1_Stream2_IRQHandler
                0x0000000008000328                CAN1_RX0_IRQHandler
                0x0000000008000328                FPU_IRQHandler
                0x0000000008000328                OTG_HS_WKUP_IRQHandler
                0x0000000008000328                UsageFault_Handler
                0x0000000008000328                CAN2_SCE_IRQHandler
                0x0000000008000328                DMA2_Stream2_IRQHandler
                0x0000000008000328                SPI1_IRQHandler
                0x0000000008000328                TIM6_DAC_IRQHandler
                0x0000000008000328                TIM1_BRK_TIM9_IRQHandler
                0x0000000008000328                DCMI_IRQHandler
                0x0000000008000328                CAN2_RX0_IRQHandler
                0x0000000008000328                DMA2_Stream3_IRQHandler
                0x0000000008000328                USART6_IRQHandler
                0x0000000008000328                USART3_IRQHandler
                0x0000000008000328                CRYP_IRQHandler
                0x0000000008000328                CAN1_RX1_IRQHandler
                0x0000000008000328                UART5_IRQHandler
                0x0000000008000328                DMA2_Stream0_IRQHandler
                0x0000000008000328                TIM4_IRQHandler
                0x0000000008000328                I2C1_EV_IRQHandler
                0x0000000008000328                DMA1_Stream6_IRQHandler
                0x0000000008000328                DMA1_Stream1_IRQHandler
                0x0000000008000328                UART4_IRQHandler
                0x0000000008000328                LCD_TFT_1_IRQHandler
                0x0000000008000328                TIM3_IRQHandler
                0x0000000008000328                RCC_IRQHandler
                0x0000000008000328                TIM8_BRK_TIM12_IRQHandler
                0x0000000008000328                Default_Handler
                0x0000000008000328                EXTI15_10_IRQHandler
                0x0000000008000328                ADC_IRQHandler
                0x0000000008000328                DMA1_Stream7_IRQHandler
                0x0000000008000328                TIM7_IRQHandler
                0x0000000008000328                CAN2_TX_IRQHandler
                0x0000000008000328                TIM5_IRQHandler
                0x0000000008000328                DMA2_Stream7_IRQHandler
                0x0000000008000328                I2C3_EV_IRQHandler
                0x0000000008000328                EXTI9_5_IRQHandler
                0x0000000008000328                RTC_WKUP_IRQHandler
                0x0000000008000328                ETH_WKUP_IRQHandler
                0x0000000008000328                SPI2_IRQHandler
                0x0000000008000328                OTG_HS_EP1_IN_IRQHandler
                0x0000000008000328                MemManage_Handler
                0x0000000008000328                DMA1_Stream0_IRQHandler
                0x0000000008000328                CAN1_TX_IRQHandler
                0x0000000008000328                SVC_Handler
                0x0000000008000328                EXTI4_IRQHandler
                0x0000000008000328                FSMC_IRQHandler
                0x0000000008000328                ETH_IRQHandler
                0x0000000008000328                OTG_HS_EP1_OUT_IRQHandler
                0x0000000008000328                WWDG_IRQHandler
                0x0000000008000328                TIM2_IRQHandler
                0x0000000008000328                OTG_FS_WKUP_IRQHandler
                0x0000000008000328                TIM1_TRG_COM_TIM11_IRQHandler
                0x0000000008000328                OTG_HS_IRQHandler
                0x0000000008000328                EXTI1_IRQHandler
                0x0000000008000328                USART2_IRQHandler
                0x0000000008000328                I2C2_ER_IRQHandler
                0x0000000008000328                DMA2_Stream1_IRQHandler
                0x0000000008000328                CAN1_SCE_IRQHandler
                0x0000000008000328                DMA2_Stream4_IRQHandler
                0x0000000008000328                BusFault_Handler
                0x0000000008000328                USART1_IRQHandler
                0x0000000008000328                OTG_FS_IRQHandler
                0x0000000008000328                SPI3_IRQHandler
                0x0000000008000328                DMA1_Stream4_IRQHandler
                0x0000000008000328                I2C1_ER_IRQHandler
                0x0000000008000328                DMA2_Stream6_IRQHandler
                0x0000000008000328                DMA1_Stream3_IRQHandler
 *fill*         0x000000000800032a        0x2 
 .text.GPIO_PeriClockControl
                0x000000000800032c      0x10c drivers/Src/stm32f407xx_gpio_driver.o
                0x000000000800032c                GPIO_PeriClockControl
 .text.GPIO_Init
                0x0000000008000438      0x344 drivers/Src/stm32f407xx_gpio_driver.o
                0x0000000008000438                GPIO_Init
 .text.SPI_PeriClockControl
                0x000000000800077c       0x70 drivers/Src/stm32f407xx_spi_driver.o
                0x000000000800077c                SPI_PeriClockControl
 .text.SPI_Init
                0x00000000080007ec       0xb6 drivers/Src/stm32f407xx_spi_driver.o
                0x00000000080007ec                SPI_Init
 .text.SPI_GetFlagStatus
                0x00000000080008a2       0x28 drivers/Src/stm32f407xx_spi_driver.o
                0x00000000080008a2                SPI_GetFlagStatus
 .text.SPI_SendData
                0x00000000080008ca       0x6e drivers/Src/stm32f407xx_spi_driver.o
                0x00000000080008ca                SPI_SendData
 .text.SPI_PeripheralControl
                0x0000000008000938       0x38 drivers/Src/stm32f407xx_spi_driver.o
                0x0000000008000938                SPI_PeripheralControl
 .text.SPI_SSIConfig
                0x0000000008000970       0x38 drivers/Src/stm32f407xx_spi_driver.o
                0x0000000008000970                SPI_SSIConfig
 .text.__libc_init_array
                0x00000000080009a8       0x48 /opt/st/stm32cubeide_1.6.1/plugins/com.st.stm32cube.ide.mcu.externaltools.gnu-tools-for-stm32.9-2020-q2-update.linux64_1.5.0.202011040924/tools/bin/../lib/gcc/arm-none-eabi/9.3.1/../../../../arm-none-eabi/lib/thumb/v7e-m+fp/hard/libc_nano.a(lib_a-init.o)
                0x00000000080009a8                __libc_init_array
 *(.glue_7)
 .glue_7        0x00000000080009f0        0x0 linker stubs
 *(.glue_7t)
 .glue_7t       0x00000000080009f0        0x0 linker stubs
 *(.eh_frame)
 .eh_frame      0x00000000080009f0        0x0 /opt/st/stm32cubeide_1.6.1/plugins/com.st.stm32cube.ide.mcu.externaltools.gnu-tools-for-stm32.9-2020-q2-update.linux64_1.5.0.202011040924/tools/bin/../lib/gcc/arm-none-eabi/9.3.1/thumb/v7e-m+fp/hard/crtbegin.o
 *(.init)
 .init          0x00000000080009f0        0x4 /opt/st/stm32cubeide_1.6.1/plugins/com.st.stm32cube.ide.mcu.externaltools.gnu-tools-for-stm32.9-2020-q2-update.linux64_1.5.0.202011040924/tools/bin/../lib/gcc/arm-none-eabi/9.3.1/thumb/v7e-m+fp/hard/crti.o
                0x00000000080009f0                _init
 .init          0x00000000080009f4        0x8 /opt/st/stm32cubeide_1.6.1/plugins/com.st.stm32cube.ide.mcu.externaltools.gnu-tools-for-stm32.9-2020-q2-update.linux64_1.5.0.202011040924/tools/bin/../lib/gcc/arm-none-eabi/9.3.1/thumb/v7e-m+fp/hard/crtn.o
 *(.fini)
 .fini          0x00000000080009fc        0x4 /opt/st/stm32cubeide_1.6.1/plugins/com.st.stm32cube.ide.mcu.externaltools.gnu-tools-for-stm32.9-2020-q2-update.linux64_1.5.0.202011040924/tools/bin/../lib/gcc/arm-none-eabi/9.3.1/thumb/v7e-m+fp/hard/crti.o
                0x00000000080009fc                _fini
 .fini          0x0000000008000a00        0x8 /opt/st/stm32cubeide_1.6.1/plugins/com.st.stm32cube.ide.mcu.externaltools.gnu-tools-for-stm32.9-2020-q2-update.linux64_1.5.0.202011040924/tools/bin/../lib/gcc/arm-none-eabi/9.3.1/thumb/v7e-m+fp/hard/crtn.o
                0x0000000008000a08                . = ALIGN (0x4)
                0x0000000008000a08                _etext = .

.vfp11_veneer   0x0000000008000a08        0x0
 .vfp11_veneer  0x0000000008000a08        0x0 linker stubs

.v4_bx          0x0000000008000a08        0x0
 .v4_bx         0x0000000008000a08        0x0 linker stubs

.iplt           0x0000000008000a08        0x0
 .iplt          0x0000000008000a08        0x0 /opt/st/stm32cubeide_1.6.1/plugins/com.st.stm32cube.ide.mcu.externaltools.gnu-tools-for-stm32.9-2020-q2-update.linux64_1.5.0.202011040924/tools/bin/../lib/gcc/arm-none-eabi/9.3.1/thumb/v7e-m+fp/hard/crtbegin.o

.rodata         0x0000000008000a08        0xc
                0x0000000008000a08                . = ALIGN (0x4)
 *(.rodata)
 .rodata        0x0000000008000a08        0xc Src/spi_tx_testing.o
 *(.rodata*)
                0x0000000008000a14                . = ALIGN (0x4)

.rel.dyn        0x0000000008000a14        0x0
 .rel.iplt      0x0000000008000a14        0x0 /opt/st/stm32cubeide_1.6.1/plugins/com.st.stm32cube.ide.mcu.externaltools.gnu-tools-for-stm32.9-2020-q2-update.linux64_1.5.0.202011040924/tools/bin/../lib/gcc/arm-none-eabi/9.3.1/thumb/v7e-m+fp/hard/crtbegin.o

.ARM.extab      0x0000000008000a14        0x0
                0x0000000008000a14                . = ALIGN (0x4)
 *(.ARM.extab* .gnu.linkonce.armextab.*)
                0x0000000008000a14                . = ALIGN (0x4)

.ARM            0x0000000008000a14        0x0
                0x0000000008000a14                . = ALIGN (0x4)
                0x0000000008000a14                __exidx_start = .
 *(.ARM.exidx*)
                0x0000000008000a14                __exidx_end = .
                0x0000000008000a14                . = ALIGN (0x4)

.preinit_array  0x0000000008000a14        0x0
                0x0000000008000a14                . = ALIGN (0x4)
                0x0000000008000a14                PROVIDE (__preinit_array_start = .)
 *(.preinit_array*)
                0x0000000008000a14                PROVIDE (__preinit_array_end = .)
                0x0000000008000a14                . = ALIGN (0x4)

.init_array     0x0000000008000a14        0x4
                0x0000000008000a14                . = ALIGN (0x4)
                0x0000000008000a14                PROVIDE (__init_array_start = .)
 *(SORT_BY_NAME(.init_array.*))
 *(.init_array*)
 .init_array    0x0000000008000a14        0x4 /opt/st/stm32cubeide_1.6.1/plugins/com.st.stm32cube.ide.mcu.externaltools.gnu-tools-for-stm32.9-2020-q2-update.linux64_1.5.0.202011040924/tools/bin/../lib/gcc/arm-none-eabi/9.3.1/thumb/v7e-m+fp/hard/crtbegin.o
                0x0000000008000a18                PROVIDE (__init_array_end = .)
                0x0000000008000a18                . = ALIGN (0x4)

.fini_array     0x0000000008000a18        0x4
                0x0000000008000a18                . = ALIGN (0x4)
                [!provide]                        PROVIDE (__fini_array_start = .)
 *(SORT_BY_NAME(.fini_array.*))
 *(.fini_array*)
 .fini_array    0x0000000008000a18        0x4 /opt/st/stm32cubeide_1.6.1/plugins/com.st.stm32cube.ide.mcu.externaltools.gnu-tools-for-stm32.9-2020-q2-update.linux64_1.5.0.202011040924/tools/bin/../lib/gcc/arm-none-eabi/9.3.1/thumb/v7e-m+fp/hard/crtbegin.o
                [!provide]                        PROVIDE (__fini_array_end = .)
                0x0000000008000a1c                . = ALIGN (0x4)
                0x0000000008000a1c                _sidata = LOADADDR (.data)

.data           0x0000000020000000        0x0 load address 0x0000000008000a1c
                0x0000000020000000                . = ALIGN (0x4)
                0x0000000020000000                _sdata = .
 *(.data)
 *(.data*)
 *(.RamFunc)
 *(.RamFunc*)
                0x0000000020000000                . = ALIGN (0x4)
                0x0000000020000000                _edata = .

.igot.plt       0x0000000020000000        0x0 load address 0x0000000008000a1c
 .igot.plt      0x0000000020000000        0x0 /opt/st/stm32cubeide_1.6.1/plugins/com.st.stm32cube.ide.mcu.externaltools.gnu-tools-for-stm32.9-2020-q2-update.linux64_1.5.0.202011040924/tools/bin/../lib/gcc/arm-none-eabi/9.3.1/thumb/v7e-m+fp/hard/crtbegin.o
                0x0000000020000000                . = ALIGN (0x4)

.bss            0x0000000020000000       0x1c load address 0x0000000008000a1c
                0x0000000020000000                _sbss = .
                0x0000000020000000                __bss_start__ = _sbss
 *(.bss)
 .bss           0x0000000020000000       0x1c /opt/st/stm32cubeide_1.6.1/plugins/com.st.stm32cube.ide.mcu.externaltools.gnu-tools-for-stm32.9-2020-q2-update.linux64_1.5.0.202011040924/tools/bin/../lib/gcc/arm-none-eabi/9.3.1/thumb/v7e-m+fp/hard/crtbegin.o
 *(.bss*)
 *(COMMON)
                0x000000002000001c                . = ALIGN (0x4)
                0x000000002000001c                _ebss = .
                0x000000002000001c                __bss_end__ = _ebss

._user_heap_stack
                0x000000002000001c      0x604 load address 0x0000000008000a1c
                0x0000000020000020                . = ALIGN (0x8)
 *fill*         0x000000002000001c        0x4 
                [!provide]                        PROVIDE (end = .)
                0x0000000020000020                PROVIDE (_end = .)
                0x0000000020000220                . = (. + _Min_Heap_Size)
 *fill*         0x0000000020000020      0x200 
                0x0000000020000620                . = (. + _Min_Stack_Size)
 *fill*         0x0000000020000220      0x400 
                0x0000000020000620                . = ALIGN (0x8)

/DISCARD/
 libc.a(*)
 libm.a(*)
 libgcc.a(*)

.ARM.attributes
                0x0000000000000000       0x30
 *(.ARM.attributes)
 .ARM.attributes
                0x0000000000000000       0x1e /opt/st/stm32cubeide_1.6.1/plugins/com.st.stm32cube.ide.mcu.externaltools.gnu-tools-for-stm32.9-2020-q2-update.linux64_1.5.0.202011040924/tools/bin/../lib/gcc/arm-none-eabi/9.3.1/thumb/v7e-m+fp/hard/crti.o
 .ARM.attributes
                0x000000000000001e       0x34 /opt/st/stm32cubeide_1.6.1/plugins/com.st.stm32cube.ide.mcu.externaltools.gnu-tools-for-stm32.9-2020-q2-update.linux64_1.5.0.202011040924/tools/bin/../lib/gcc/arm-none-eabi/9.3.1/thumb/v7e-m+fp/hard/crtbegin.o
 .ARM.attributes
                0x0000000000000052       0x34 Src/spi_tx_testing.o
 .ARM.attributes
                0x0000000000000086       0x21 Startup/startup_stm32f407vgtx.o
 .ARM.attributes
                0x00000000000000a7       0x34 drivers/Src/stm32f407xx_gpio_driver.o
 .ARM.attributes
                0x00000000000000db       0x34 drivers/Src/stm32f407xx_spi_driver.o
 .ARM.attributes
                0x000000000000010f       0x34 /opt/st/stm32cubeide_1.6.1/plugins/com.st.stm32cube.ide.mcu.externaltools.gnu-tools-for-stm32.9-2020-q2-update.linux64_1.5.0.202011040924/tools/bin/../lib/gcc/arm-none-eabi/9.3.1/../../../../arm-none-eabi/lib/thumb/v7e-m+fp/hard/libc_nano.a(lib_a-init.o)
 .ARM.attributes
                0x0000000000000143       0x17 /opt/st/stm32cubeide_1.6.1/plugins/com.st.stm32cube.ide.mcu.externaltools.gnu-tools-for-stm32.9-2020-q2-update.linux64_1.5.0.202011040924/tools/bin/../lib/gcc/arm-none-eabi/9.3.1/../../../../arm-none-eabi/lib/thumb/v7e-m+fp/hard/libc_nano.a(lib_a-strlen.o)
 .ARM.attributes
                0x000000000000015a       0x1e /opt/st/stm32cubeide_1.6.1/plugins/com.st.stm32cube.ide.mcu.externaltools.gnu-tools-for-stm32.9-2020-q2-update.linux64_1.5.0.202011040924/tools/bin/../lib/gcc/arm-none-eabi/9.3.1/thumb/v7e-m+fp/hard/crtn.o
OUTPUT(stm32fxx_drivers.elf elf32-littlearm)
LOAD linker stubs
LOAD /opt/st/stm32cubeide_1.6.1/plugins/com.st.stm32cube.ide.mcu.externaltools.gnu-tools-for-stm32.9-2020-q2-update.linux64_1.5.0.202011040924/tools/bin/../lib/gcc/arm-none-eabi/9.3.1/../../../../arm-none-eabi/lib/thumb/v7e-m+fp/hard/libc.a
LOAD /opt/st/stm32cubeide_1.6.1/plugins/com.st.stm32cube.ide.mcu.externaltools.gnu-tools-for-stm32.9-2020-q2-update.linux64_1.5.0.202011040924/tools/bin/../lib/gcc/arm-none-eabi/9.3.1/../../../../arm-none-eabi/lib/thumb/v7e-m+fp/hard/libm.a
LOAD /opt/st/stm32cubeide_1.6.1/plugins/com.st.stm32cube.ide.mcu.externaltools.gnu-tools-for-stm32.9-2020-q2-update.linux64_1.5.0.202011040924/tools/bin/../lib/gcc/arm-none-eabi/9.3.1/thumb/v7e-m+fp/hard/libgcc.a

.debug_info     0x0000000000000000     0x1cb1
 .debug_info    0x0000000000000000      0xc8e Src/spi_tx_testing.o
 .debug_info    0x0000000000000c8e       0x22 Startup/startup_stm32f407vgtx.o
 .debug_info    0x0000000000000cb0      0x7d2 drivers/Src/stm32f407xx_gpio_driver.o
 .debug_info    0x0000000000001482      0x82f drivers/Src/stm32f407xx_spi_driver.o

.debug_abbrev   0x0000000000000000      0x52d
 .debug_abbrev  0x0000000000000000      0x1d3 Src/spi_tx_testing.o
 .debug_abbrev  0x00000000000001d3       0x12 Startup/startup_stm32f407vgtx.o
 .debug_abbrev  0x00000000000001e5      0x173 drivers/Src/stm32f407xx_gpio_driver.o
 .debug_abbrev  0x0000000000000358      0x1d5 drivers/Src/stm32f407xx_spi_driver.o

.debug_aranges  0x0000000000000000      0x170
 .debug_aranges
                0x0000000000000000       0x30 Src/spi_tx_testing.o
 .debug_aranges
                0x0000000000000030       0x28 Startup/startup_stm32f407vgtx.o
 .debug_aranges
                0x0000000000000058       0x70 drivers/Src/stm32f407xx_gpio_driver.o
 .debug_aranges
                0x00000000000000c8       0xa8 drivers/Src/stm32f407xx_spi_driver.o

.debug_ranges   0x0000000000000000      0x138
 .debug_ranges  0x0000000000000000       0x20 Src/spi_tx_testing.o
 .debug_ranges  0x0000000000000020       0x20 Startup/startup_stm32f407vgtx.o
 .debug_ranges  0x0000000000000040       0x60 drivers/Src/stm32f407xx_gpio_driver.o
 .debug_ranges  0x00000000000000a0       0x98 drivers/Src/stm32f407xx_spi_driver.o

.debug_macro    0x0000000000000000      0xb65
 .debug_macro   0x0000000000000000      0x16b Src/spi_tx_testing.o
 .debug_macro   0x000000000000016b       0x4c Src/spi_tx_testing.o
 .debug_macro   0x00000000000001b7       0x18 Src/spi_tx_testing.o
 .debug_macro   0x00000000000001cf       0x94 Src/spi_tx_testing.o
 .debug_macro   0x0000000000000263       0x3c Src/spi_tx_testing.o
 .debug_macro   0x000000000000029f       0x34 Src/spi_tx_testing.o
 .debug_macro   0x00000000000002d3       0x16 Src/spi_tx_testing.o
 .debug_macro   0x00000000000002e9       0x43 Src/spi_tx_testing.o
 .debug_macro   0x000000000000032c       0x57 Src/spi_tx_testing.o
 .debug_macro   0x0000000000000383       0x34 Src/spi_tx_testing.o
 .debug_macro   0x00000000000003b7       0x10 Src/spi_tx_testing.o
 .debug_macro   0x00000000000003c7       0x58 Src/spi_tx_testing.o
 .debug_macro   0x000000000000041f       0x71 Src/spi_tx_testing.o
 .debug_macro   0x0000000000000490       0x1c Src/spi_tx_testing.o
 .debug_macro   0x00000000000004ac      0x12a Src/spi_tx_testing.o
 .debug_macro   0x00000000000005d6      0x339 Src/spi_tx_testing.o
 .debug_macro   0x000000000000090f       0x10 Src/spi_tx_testing.o
 .debug_macro   0x000000000000091f       0x35 Src/spi_tx_testing.o
 .debug_macro   0x0000000000000954       0x20 Src/spi_tx_testing.o
 .debug_macro   0x0000000000000974       0xbe Src/spi_tx_testing.o
 .debug_macro   0x0000000000000a32       0x8d drivers/Src/stm32f407xx_gpio_driver.o
 .debug_macro   0x0000000000000abf       0x22 drivers/Src/stm32f407xx_gpio_driver.o
 .debug_macro   0x0000000000000ae1       0x84 drivers/Src/stm32f407xx_spi_driver.o

.debug_line     0x0000000000000000     0x17d0
 .debug_line    0x0000000000000000      0x5fc Src/spi_tx_testing.o
 .debug_line    0x00000000000005fc       0x84 Startup/startup_stm32f407vgtx.o
 .debug_line    0x0000000000000680      0x92c drivers/Src/stm32f407xx_gpio_driver.o
 .debug_line    0x0000000000000fac      0x824 drivers/Src/stm32f407xx_spi_driver.o

.debug_str      0x0000000000000000     0x9631
 .debug_str     0x0000000000000000     0x90c2 Src/spi_tx_testing.o
                                       0x9332 (size before relaxing)
 .debug_str     0x00000000000090c2       0x31 Startup/startup_stm32f407vgtx.o
                                         0x8a (size before relaxing)
 .debug_str     0x00000000000090f3      0x386 drivers/Src/stm32f407xx_gpio_driver.o
                                       0x60cd (size before relaxing)
 .debug_str     0x0000000000009479      0x1b8 drivers/Src/stm32f407xx_spi_driver.o
                                       0x603f (size before relaxing)

.comment        0x0000000000000000       0x53
 .comment       0x0000000000000000       0x53 Src/spi_tx_testing.o
                                         0x54 (size before relaxing)
 .comment       0x0000000000000053       0x54 drivers/Src/stm32f407xx_gpio_driver.o
 .comment       0x0000000000000053       0x54 drivers/Src/stm32f407xx_spi_driver.o

.debug_frame    0x0000000000000000      0x530
 .debug_frame   0x0000000000000000       0x78 Src/spi_tx_testing.o
 .debug_frame   0x0000000000000078      0x1c8 drivers/Src/stm32f407xx_gpio_driver.o
 .debug_frame   0x0000000000000240      0x2c4 drivers/Src/stm32f407xx_spi_driver.o
 .debug_frame   0x0000000000000504       0x2c /opt/st/stm32cubeide_1.6.1/plugins/com.st.stm32cube.ide.mcu.externaltools.gnu-tools-for-stm32.9-2020-q2-update.linux64_1.5.0.202011040924/tools/bin/../lib/gcc/arm-none-eabi/9.3.1/../../../../arm-none-eabi/lib/thumb/v7e-m+fp/hard/libc_nano.a(lib_a-init.o)
