main.c:60:5:main	8	static
main.c:79:6:idle_task	8	static
main.c:87:6:task1_handler	8	static
main.c:98:6:task2_handler	8	static
main.c:109:6:task3_handler	8	static
main.c:120:6:task4_handler	8	static
main.c:131:6:init_tasks_control_block	4	static
main.c:152:6:init_systick_timer	32	static
main.c:187:29:init_scheduler_stack	0	static,ignoring_inline_asm
main.c:197:6:init_tasks_stack	24	static
main.c:228:6:enable_processor_faults	16	static
main.c:239:10:get_psp_value	4	static
main.c:244:6:save_psp_value	16	static
main.c:249:6:update_next_task	16	static
main.c:266:28:switch_sp_to_psp	0	static,ignoring_inline_asm
main.c:288:6:unblock_tasks	16	static
main.c:303:7:SysTick_Handler	8	static
main.c:310:29:PendSV_Handler	0	static,ignoring_inline_asm
main.c:349:6:schedule	16	static
main.c:358:6:task_delay	16	static,ignoring_inline_asm
main.c:379:6:HardFault_Handler	8	static
main.c:386:6:MemManage_Handler	8	static
main.c:392:6:BusFault_Handler	8	static
