19:34:54 **** Incremental Build of configuration Debug for project stm32fxx_drivers ****
make -j16 all 
arm-none-eabi-gcc "../drivers/Src/stm32f407xx_i2c_driver.c" -mcpu=cortex-m4 -std=gnu11 -g3 -DDEBUG -DSTM32 -DSTM32F407G_DISC1 -DSTM32F4 -DSTM32F407VGTx -c -I../Inc -I"/home/arsha/Repos/Courses/Embedded/Embedded-C/My_workspace/target/stm32fxx_drivers/drivers/Inc" -O0 -ffunction-sections -fdata-sections -Wall -fstack-usage -MMD -MP -MF"drivers/Src/stm32f407xx_i2c_driver.d" -MT"drivers/Src/stm32f407xx_i2c_driver.o" --specs=nano.specs -mfpu=fpv4-sp-d16 -mfloat-abi=hard -mthumb -o "drivers/Src/stm32f407xx_i2c_driver.o"
../drivers/Src/stm32f407xx_i2c_driver.c: In function 'I2C_PeriClockControl':
../drivers/Src/stm32f407xx_i2c_driver.c:156:4: warning: implicit declaration of function 'I2C1_PCLK_EN'; did you mean 'SYSCFG_PCLK_EN'? [-Wimplicit-function-declaration]
  156 |    I2C1_PCLK_EN();
      |    ^~~~~~~~~~~~
      |    SYSCFG_PCLK_EN
../drivers/Src/stm32f407xx_i2c_driver.c:159:4: warning: implicit declaration of function 'I2C2_PCLK_EN'; did you mean 'SYSCFG_PCLK_EN'? [-Wimplicit-function-declaration]
  159 |    I2C2_PCLK_EN();
      |    ^~~~~~~~~~~~
      |    SYSCFG_PCLK_EN
../drivers/Src/stm32f407xx_i2c_driver.c:162:4: warning: implicit declaration of function 'I2C3_PCLK_EN'; did you mean 'SYSCFG_PCLK_EN'? [-Wimplicit-function-declaration]
  162 |    I2C3_PCLK_EN();
      |    ^~~~~~~~~~~~
      |    SYSCFG_PCLK_EN
../drivers/Src/stm32f407xx_i2c_driver.c: In function 'I2C_Init':
../drivers/Src/stm32f407xx_i2c_driver.c:202:13: warning: implicit declaration of function 'RCC_GetPCLK1Value' [-Wimplicit-function-declaration]
  202 |  tempreg |= RCC_GetPCLK1Value() /1000000U ;
      |             ^~~~~~~~~~~~~~~~~
arm-none-eabi-gcc -o "stm32fxx_drivers.elf" @"objects.list"   -mcpu=cortex-m4 -T"/home/arsha/Repos/Courses/Embedded/Embedded-C/My_workspace/target/stm32fxx_drivers/STM32F407VGTX_FLASH.ld" --specs=nosys.specs -Wl,-Map="stm32fxx_drivers.map" -Wl,--gc-sections -static --specs=nano.specs -mfpu=fpv4-sp-d16 -mfloat-abi=hard -mthumb -Wl,--start-group -lc -lm -Wl,--end-group
Finished building target: stm32fxx_drivers.elf
 
arm-none-eabi-objdump -h -S  stm32fxx_drivers.elf  > "stm32fxx_drivers.list"
arm-none-eabi-objcopy  -O binary  stm32fxx_drivers.elf  "stm32fxx_drivers.bin"
arm-none-eabi-size   stm32fxx_drivers.elf 
   text	   data	    bss	    dec	    hex	filename
   2580	      8	   1568	   4156	   103c	stm32fxx_drivers.elf
Finished building: default.size.stdout
 
Finished building: stm32fxx_drivers.list
 
Finished building: stm32fxx_drivers.bin
 
