21:46:12 **** Incremental Build of configuration Debug for project stm32fxx_drivers ****
make -j16 all 
arm-none-eabi-gcc "../drivers/Src/stm32f407xx_gpio_driver.c" -mcpu=cortex-m4 -std=gnu11 -g3 -DDEBUG -DSTM32 -DSTM32F407G_DISC1 -DSTM32F4 -DSTM32F407VGTx -c -I../Inc -I"/home/arsha/Repos/Courses/Embedded/Embedded-C/My_workspace/target/stm32fxx_drivers/drivers/Inc" -O0 -ffunction-sections -fdata-sections -Wall -fstack-usage -MMD -MP -MF"drivers/Src/stm32f407xx_gpio_driver.d" -MT"drivers/Src/stm32f407xx_gpio_driver.o" --specs=nano.specs -mfpu=fpv4-sp-d16 -mfloat-abi=hard -mthumb -o "drivers/Src/stm32f407xx_gpio_driver.o"
arm-none-eabi-gcc -o "stm32fxx_drivers.elf" @"objects.list"   -mcpu=cortex-m4 -T"/home/arsha/Repos/Courses/Embedded/Embedded-C/My_workspace/target/stm32fxx_drivers/STM32F407VGTX_FLASH.ld" --specs=nosys.specs -Wl,-Map="stm32fxx_drivers.map" -Wl,--gc-sections -static --specs=nano.specs -mfpu=fpv4-sp-d16 -mfloat-abi=hard -mthumb -Wl,--start-group -lc -lm -Wl,--end-group
Finished building target: stm32fxx_drivers.elf
 
arm-none-eabi-objdump -h -S  stm32fxx_drivers.elf  > "stm32fxx_drivers.list"
arm-none-eabi-objcopy  -O binary  stm32fxx_drivers.elf  "stm32fxx_drivers.bin"
arm-none-eabi-size   stm32fxx_drivers.elf 
   text	   data	    bss	    dec	    hex	filename
    676	      8	   1568	   2252	    8cc	stm32fxx_drivers.elf
Finished building: default.size.stdout
 
Finished building: stm32fxx_drivers.bin
Finished building: stm32fxx_drivers.list
 
 

21:46:12 Build Finished. 0 errors, 0 warnings. (took 165ms)

