20:36:37 **** Incremental Build of configuration Debug for project stm32fxx_drivers ****
make -j16 all 
arm-none-eabi-gcc "../drivers/Src/stm32f407xx_gpio_driver.c" -mcpu=cortex-m4 -std=gnu11 -g3 -DDEBUG -DSTM32 -DSTM32F407G_DISC1 -DSTM32F4 -DSTM32F407VGTx -c -I../Inc -I"/home/arsha/Repos/Courses/Embedded/Embedded-C/My_workspace/target/stm32fxx_drivers/drivers/Inc" -O0 -ffunction-sections -fdata-sections -Wall -fstack-usage -MMD -MP -MF"drivers/Src/stm32f407xx_gpio_driver.d" -MT"drivers/Src/stm32f407xx_gpio_driver.o" --specs=nano.specs -mfpu=fpv4-sp-d16 -mfloat-abi=hard -mthumb -o "drivers/Src/stm32f407xx_gpio_driver.o"
arm-none-eabi-gcc "../drivers/Src/stm32f407xx_spi_driver.c" -mcpu=cortex-m4 -std=gnu11 -g3 -DDEBUG -DSTM32 -DSTM32F407G_DISC1 -DSTM32F4 -DSTM32F407VGTx -c -I../Inc -I"/home/arsha/Repos/Courses/Embedded/Embedded-C/My_workspace/target/stm32fxx_drivers/drivers/Inc" -O0 -ffunction-sections -fdata-sections -Wall -fstack-usage -MMD -MP -MF"drivers/Src/stm32f407xx_spi_driver.d" -MT"drivers/Src/stm32f407xx_spi_driver.o" --specs=nano.specs -mfpu=fpv4-sp-d16 -mfloat-abi=hard -mthumb -o "drivers/Src/stm32f407xx_spi_driver.o"
arm-none-eabi-gcc "../Src/led_button.c" -mcpu=cortex-m4 -std=gnu11 -g3 -DDEBUG -DSTM32 -DSTM32F407G_DISC1 -DSTM32F4 -DSTM32F407VGTx -c -I../Inc -I"/home/arsha/Repos/Courses/Embedded/Embedded-C/My_workspace/target/stm32fxx_drivers/drivers/Inc" -O0 -ffunction-sections -fdata-sections -Wall -fstack-usage -MMD -MP -MF"Src/led_button.d" -MT"Src/led_button.o" --specs=nano.specs -mfpu=fpv4-sp-d16 -mfloat-abi=hard -mthumb -o "Src/led_button.o"
arm-none-eabi-gcc "../Src/led_toggle.c" -mcpu=cortex-m4 -std=gnu11 -g3 -DDEBUG -DSTM32 -DSTM32F407G_DISC1 -DSTM32F4 -DSTM32F407VGTx -c -I../Inc -I"/home/arsha/Repos/Courses/Embedded/Embedded-C/My_workspace/target/stm32fxx_drivers/drivers/Inc" -O0 -ffunction-sections -fdata-sections -Wall -fstack-usage -MMD -MP -MF"Src/led_toggle.d" -MT"Src/led_toggle.o" --specs=nano.specs -mfpu=fpv4-sp-d16 -mfloat-abi=hard -mthumb -o "Src/led_toggle.o"
arm-none-eabi-gcc "../Src/main.c" -mcpu=cortex-m4 -std=gnu11 -g3 -DDEBUG -DSTM32 -DSTM32F407G_DISC1 -DSTM32F4 -DSTM32F407VGTx -c -I../Inc -I"/home/arsha/Repos/Courses/Embedded/Embedded-C/My_workspace/target/stm32fxx_drivers/drivers/Inc" -O0 -ffunction-sections -fdata-sections -Wall -fstack-usage -MMD -MP -MF"Src/main.d" -MT"Src/main.o" --specs=nano.specs -mfpu=fpv4-sp-d16 -mfloat-abi=hard -mthumb -o "Src/main.o"
arm-none-eabi-gcc "../Src/spi_tx_testing.c" -mcpu=cortex-m4 -std=gnu11 -g3 -DDEBUG -DSTM32 -DSTM32F407G_DISC1 -DSTM32F4 -DSTM32F407VGTx -c -I../Inc -I"/home/arsha/Repos/Courses/Embedded/Embedded-C/My_workspace/target/stm32fxx_drivers/drivers/Inc" -O0 -ffunction-sections -fdata-sections -Wall -fstack-usage -MMD -MP -MF"Src/spi_tx_testing.d" -MT"Src/spi_tx_testing.o" --specs=nano.specs -mfpu=fpv4-sp-d16 -mfloat-abi=hard -mthumb -o "Src/spi_tx_testing.o"
../Src/main.c:26:4: warning: #warning "FPU is not initialized, but the project is compiling for an FPU. Please initialize the FPU before use." [-Wcpp]
   26 |   #warning "FPU is not initialized, but the project is compiling for an FPU. Please initialize the FPU before use."
      |    ^~~~~~~
arm-none-eabi-gcc -o "stm32fxx_drivers.elf" @"objects.list"   -mcpu=cortex-m4 -T"/home/arsha/Repos/Courses/Embedded/Embedded-C/My_workspace/target/stm32fxx_drivers/STM32F407VGTX_FLASH.ld" --specs=nosys.specs -Wl,-Map="stm32fxx_drivers.map" -Wl,--gc-sections -static --specs=nano.specs -mfpu=fpv4-sp-d16 -mfloat-abi=hard -mthumb -Wl,--start-group -lc -lm -Wl,--end-group
Finished building target: stm32fxx_drivers.elf
 
arm-none-eabi-objdump -h -S  stm32fxx_drivers.elf  > "stm32fxx_drivers.list"
arm-none-eabi-objcopy  -O binary  stm32fxx_drivers.elf  "stm32fxx_drivers.bin"
arm-none-eabi-size   stm32fxx_drivers.elf 
Finished building: stm32fxx_drivers.list
   text	   data	    bss	    dec	    hex	filename
   2580	      8	   1568	   4156	   103c	stm32fxx_drivers.elf
 
Finished building: default.size.stdout
Finished building: stm32fxx_drivers.bin
 
 

20:36:37 Build Finished. 0 errors, 1 warnings. (took 163ms)

